// Jest Snapshot v1, https://goo.gl/fbAQLP

exports[`should create a snapshot 1`] = `
<DocumentFragment>
  <div
    class="d-flex align-items-center justify-content-center height"
  >
    <blockquote
      class="blockquote text-right"
    >
      <p>
        Mathematics is not about numbers, equations, computations, or algorithms: it is about understanding
      </p>
      <footer
        class="blockquote-footer text-white"
      >
        <cite
          title="Source Title"
        >
          William Paul Thurston
        </cite>
      </footer>
    </blockquote>
  </div>
</DocumentFragment>
`;
